------------------------------------------------------------
TimeQuest Timing Analyzer Summary
------------------------------------------------------------

Type  : Slow 1200mV 85C Model Setup 'CLOCK_50'
Slack : -4.756
TNS   : -248.292

Type  : Slow 1200mV 85C Model Setup 'KEY[2]'
Slack : 0.107
TNS   : 0.000

Type  : Slow 1200mV 85C Model Hold 'CLOCK_50'
Slack : 0.394
TNS   : 0.000

Type  : Slow 1200mV 85C Model Hold 'KEY[2]'
Slack : 0.440
TNS   : 0.000

Type  : Slow 1200mV 85C Model Minimum Pulse Width 'CLOCK_50'
Slack : -3.000
TNS   : -87.000

Type  : Slow 1200mV 85C Model Minimum Pulse Width 'KEY[2]'
Slack : -3.000
TNS   : -6.000

Type  : Slow 1200mV 0C Model Setup 'CLOCK_50'
Slack : -4.241
TNS   : -220.911

Type  : Slow 1200mV 0C Model Setup 'KEY[2]'
Slack : 0.190
TNS   : 0.000

Type  : Slow 1200mV 0C Model Hold 'CLOCK_50'
Slack : 0.345
TNS   : 0.000

Type  : Slow 1200mV 0C Model Hold 'KEY[2]'
Slack : 0.387
TNS   : 0.000

Type  : Slow 1200mV 0C Model Minimum Pulse Width 'CLOCK_50'
Slack : -3.000
TNS   : -87.000

Type  : Slow 1200mV 0C Model Minimum Pulse Width 'KEY[2]'
Slack : -3.000
TNS   : -6.000

Type  : Fast 1200mV 0C Model Setup 'CLOCK_50'
Slack : -2.638
TNS   : -139.623

Type  : Fast 1200mV 0C Model Setup 'KEY[2]'
Slack : 0.566
TNS   : 0.000

Type  : Fast 1200mV 0C Model Hold 'CLOCK_50'
Slack : 0.176
TNS   : 0.000

Type  : Fast 1200mV 0C Model Hold 'KEY[2]'
Slack : 0.199
TNS   : 0.000

Type  : Fast 1200mV 0C Model Minimum Pulse Width 'CLOCK_50'
Slack : -3.000
TNS   : -60.264

Type  : Fast 1200mV 0C Model Minimum Pulse Width 'KEY[2]'
Slack : -3.000
TNS   : -6.134

------------------------------------------------------------
